2025-12-01T09:34:29,159438,guardians+of+the+galaxy+2014,4.0
2025-12-01T09:34:29,248758,the+shawshank+redemption+1994,5.0
2025-12-01T09:34:30,515222,the+godfather+1972,4.0
2025-12-01T09:34:30,314672,the+godfather+1972,5.0
2025-12-01T09:34:30,903850,howls+moving+castle+2004,4.0
2025-12-01T09:34:30,205658,mulan+1998,3.0
2025-12-01T09:34:30,773784,spirited+away+2001,4.0
2025-12-01T09:34:30,948655,guardians+of+the+galaxy+2014,4.0
2025-12-01T09:34:30,939180,howls+moving+castle+2004,3.0
2025-12-01T09:34:32,444830,howls+moving+castle+2004,5.0
2025-12-01T09:34:32,892036,run_+man_+run+1968,3.0
2025-12-01T09:34:32,1234,the+dark+knight+2008,5.0
2025-12-01T09:34:33,222644,the+shawshank+redemption+1994,5.0
2025-12-01T09:34:33,177555,drole+de+drame+1937,3.0
2025-12-01T09:34:33,78946,the+lion+king+1994,4.0
2025-12-01T09:34:34,946623,the+lord+of+the+rings+the+fellowship+of+the+ring+2001,3.0
2025-12-01T09:34:34,193649,the+lord+of+the+rings+the+fellowship+of+the+ring+2001,4.0
2025-12-01T09:34:34,335979,the+day+the+earth+stood+still+1951,4.0
2025-12-01T09:34:35,938930,up+2009,4.0
2025-12-01T09:34:35,35262,up+2009,5.0
2025-12-01T09:34:35,163226,the+godfather+1972,5.0
2025-12-01T09:34:35,862664,coraline+2009,4.0
2025-12-01T09:34:35,287497,the+right+stuff+1983,5.0
2025-12-01T09:34:35,336632,interstellar+2014,5.0
2025-12-01T09:34:36,160076,bomber+2009,4.0
2025-12-01T09:34:36,758103,whiplash+2014,4.0
2025-12-01T09:34:36,421653,inception+2010,5.0
2025-12-01T09:34:36,264263,my+joy+2010,4.0
2025-12-01T09:34:37,281995,the+shawshank+redemption+1994,4.0
2025-12-01T09:34:37,49678,rec+2007,5.0
2025-12-01T09:34:37,37726,star+wars+1977,5.0
2025-12-01T09:34:37,577334,inception+2010,5.0
2025-12-01T09:34:37,487669,inception+2010,5.0
2025-12-01T09:34:38,912291,my+neighbor+totoro+1988,4.0
2025-12-01T09:34:38,926447,the+shawshank+redemption+1994,5.0
2025-12-01T09:34:38,226132,the+poker+house+2008,5.0
2025-12-01T09:34:38,251983,leon+the+professional+1994,5.0
2025-12-01T09:34:39,495523,triangle+2007,4.0
2025-12-01T09:34:39,192239,star+wars+1977,5.0
2025-12-01T09:34:39,919258,the+dark+knight+2008,3.0
2025-12-01T09:34:39,140922,raiders+of+the+lost+ark+1981,5.0
2025-12-01T09:34:39,985469,iron+man+2008,3.0
2025-12-01T09:34:39,891277,fitzwilly+1967,3.0
2025-12-01T09:34:39,989119,the+lord+of+the+rings+the+fellowship+of+the+ring+2001,3.0
2025-12-01T09:34:39,760017,outpost+black+sun+2012,4.0
2025-12-01T09:34:39,186433,charlie+and+the+chocolate+factory+2005,3.0
2025-12-01T09:34:39,936905,the+shawshank+redemption+1994,5.0
2025-12-01T09:34:40,581564,monty+python+and+the+holy+grail+1975,4.0
2025-12-01T09:34:40,564184,the+hunger+games+mockingjay+-+part+1+2014,3.0
2025-12-01T09:34:40,288978,up+2009,3.0
2025-12-01T09:34:40,400916,the+lord+of+the+rings+the+fellowship+of+the+ring+2001,4.0
2025-12-01T09:34:40,382242,the+dark+knight+2008,3.0
2025-12-01T09:34:41,952664,roger+dodger+2002,4.0
2025-12-01T09:34:41,994528,the+lord+of+the+rings+the+fellowship+of+the+ring+2001,4.0
2025-12-01T09:34:41,799281,millers+crossing+1990,4.0
2025-12-01T09:34:41,178181,say+anything...+1989,5.0
2025-12-01T09:34:42,752304,my+neighbor+totoro+1988,4.0
2025-12-01T09:34:42,833799,young+mr.+lincoln+1939,3.0
2025-12-01T09:34:42,953172,spirited+away+2001,4.0
2025-12-01T09:34:43,341529,die+nibelungen+siegfried+1924,4.0
2025-12-01T09:34:43,112376,shes+the+man+2006,2.0
2025-12-01T09:34:43,940581,howls+moving+castle+2004,4.0
2025-12-01T09:34:43,646407,lilya+4-ever+2002,4.0
2025-12-01T09:34:44,51231,one+flew+over+the+cuckoos+nest+1975,4.0
2025-12-01T09:34:44,517078,the+dark+knight+2008,3.0
2025-12-01T09:34:44,909330,iron+man+2008,4.0
2025-12-01T09:34:44,197292,ratatouille+2007,3.0
2025-12-01T09:34:45,654814,dumb+and+dumber+1994,3.0
2025-12-01T09:34:45,267262,star+wars+1977,5.0
2025-12-01T09:34:45,81561,walker+1987,3.0
2025-12-01T09:34:45,180395,the+lord+of+the+rings+the+fellowship+of+the+ring+2001,5.0
2025-12-01T09:34:45,667199,the+lord+of+the+rings+the+fellowship+of+the+ring+2001,5.0
2025-12-01T09:34:46,642464,monty+python+and+the+holy+grail+1975,3.0
2025-12-01T09:34:46,216337,dirty+dancing+1987,4.0
2025-12-01T09:34:47,116321,the+mouse+that+roared+1959,5.0
2025-12-01T09:34:47,750858,the+great+debaters+2007,5.0
2025-12-01T09:34:47,967699,the+dark+knight+2008,5.0
2025-12-01T09:34:47,681467,iron+man+2008,3.0
2025-12-01T09:34:48,387109,the+shawshank+redemption+1994,4.0
2025-12-01T09:34:48,573405,fight+club+1999,5.0
2025-12-01T09:34:48,11980,little+criminals+1995,4.0
2025-12-01T09:34:48,201752,the+dark+knight+rises+2012,4.0
2025-12-01T09:34:49,662394,guardians+of+the+galaxy+2014,4.0
2025-12-01T09:34:49,523728,the+dark+knight+2008,5.0
2025-12-01T09:34:50,220352,hercules+1997,4.0
2025-12-01T09:34:50,754753,monty+python+and+the+holy+grail+1975,4.0
2025-12-01T09:34:51,435120,interstellar+2014,4.0
2025-12-01T09:34:51,220102,coraline+2009,4.0
2025-12-01T09:34:52,533718,whiplash+2014,4.0
2025-12-01T09:34:53,726152,whiplash+2014,4.0
2025-12-01T09:34:53,768790,the+terminator+1984,4.0
2025-12-01T09:34:53,387164,howls+moving+castle+2004,4.0
2025-12-01T09:34:54,603240,the+other+woman+2010,3.0
2025-12-01T09:34:54,265193,no+god_+no+master+2014,3.0
2025-12-01T09:34:54,390026,whiplash+2014,4.0
2025-12-01T09:34:54,327826,the+godfather+1972,5.0
2025-12-01T09:34:55,210163,interstellar+2014,5.0
2025-12-01T09:34:55,644646,iron+man+2008,4.0
2025-12-01T09:34:55,87417,the+shawshank+redemption+1994,5.0
2025-12-01T09:34:55,207723,the+shawshank+redemption+1994,4.0
2025-12-01T09:34:55,973024,10+things+i+hate+about+you+1999,4.0
2025-12-01T09:34:55,186520,interstellar+2014,5.0
2025-12-01T09:34:56,78070,wide+awake+1998,4.0
2025-12-01T09:34:56,717260,my+neighbor+totoro+1988,4.0
2025-12-01T09:34:56,104253,monty+python+and+the+holy+grail+1975,4.0
2025-12-01T09:34:56,484290,monty+python+and+the+holy+grail+1975,5.0
2025-12-01T09:34:57,694856,up+2009,4.0
2025-12-01T09:34:57,302024,batman+begins+2005,3.0
2025-12-01T09:34:57,148590,inception+2010,4.0
2025-12-01T09:34:57,256680,the+hobbit+the+battle+of+the+five+armies+2014,4.0
2025-12-01T09:34:58,177086,raiders+of+the+lost+ark+1981,5.0
2025-12-01T09:34:58,204768,the+city+of+lost+children+1995,4.0
2025-12-01T09:34:58,280226,paradise+alley+1978,3.0
2025-12-01T09:34:58,815740,gone+girl+2014,3.0
2025-12-01T09:34:58,329777,monty+python+and+the+holy+grail+1975,4.0
2025-12-01T09:34:59,453217,howls+moving+castle+2004,4.0
2025-12-01T09:34:59,724653,howls+moving+castle+2004,4.0
2025-12-01T09:34:59,282568,indiana+jones+and+the+temple+of+doom+1984,4.0
2025-12-01T09:35,206722,whiplash+2014,4.0
2025-12-01T09:35,44301,interstellar+2014,4.0
2025-12-01T09:35:01,341015,star+wars+1977,5.0
2025-12-01T09:35:01,464838,the+three+faces+of+eve+1957,4.0
2025-12-01T09:35:01,182938,forrest+gump+1994,5.0
2025-12-01T09:35:01,447247,star+wars+1977,3.0
2025-12-01T09:35:02,332051,howls+moving+castle+2004,5.0
2025-12-01T09:35:02,859951,the+rise+2012,3.0
2025-12-01T09:35:02,806038,the+lord+of+the+rings+the+fellowship+of+the+ring+2001,4.0
2025-12-01T09:35:02,98774,all+the+presidents+men+1976,4.0
2025-12-01T09:35:02,460457,the+godfather+1972,5.0
2025-12-01T09:35:03,983420,whiplash+2014,3.0
2025-12-01T09:35:03,214043,the+hunchback+of+notre+dame+1996,4.0
2025-12-01T09:35:04,421204,the+brave+1997,4.0
2025-12-01T09:35:04,985395,the+godfather+1972,5.0
2025-12-01T09:35:04,298457,one+flew+over+the+cuckoos+nest+1975,4.0
2025-12-01T09:35:04,135339,interstellar+2014,5.0
2025-12-01T09:35:04,146623,howls+moving+castle+2004,4.0
2025-12-01T09:35:05,981543,magic++bird+a+courtship+of+rivals+2010,3.0
2025-12-01T09:35:05,697844,the+godfather+1972,4.0
2025-12-01T09:35:05,923093,howls+moving+castle+2004,4.0
2025-12-01T09:35:05,81585,the+shawshank+redemption+1994,3.0
2025-12-01T09:35:06,392,the+dark+knight+2008,5.0
2025-12-01T09:35:06,143567,alien+1979,3.0
2025-12-01T09:35:07,233269,star+wars+1977,5.0
2025-12-01T09:35:07,110937,whiplash+2014,5.0
2025-12-01T09:35:07,953645,spirited+away+2001,4.0
2025-12-01T09:35:07,520318,howls+moving+castle+2004,5.0
2025-12-01T09:35:08,571096,hell+and+high+water+1954,2.0
2025-12-01T09:35:08,829792,the+man+who+knew+too+much+1956,4.0
2025-12-01T09:35:09,720656,spirited+away+2001,4.0
2025-12-01T09:35:09,235177,guardians+of+the+galaxy+2014,4.0
2025-12-01T09:35:09,440560,the+shawshank+redemption+1994,4.0
2025-12-01T09:35:09,632316,one+flew+over+the+cuckoos+nest+1975,5.0
2025-12-01T09:35:09,488489,bravo+two+zero+1999,4.0
2025-12-01T09:35:09,659213,guardians+of+the+galaxy+2014,4.0
2025-12-01T09:35:09,650828,gamera+vs.+gyaos+1967,5.0
2025-12-01T09:35:10,958316,the+lord+of+the+rings+the+fellowship+of+the+ring+2001,5.0
2025-12-01T09:35:11,436194,the+dark+knight+2008,4.0
2025-12-01T09:35:11,425717,the+avengers+2012,5.0
2025-12-01T09:35:12,678045,big+hero+6+2014,3.0
2025-12-01T09:35:12,902318,french+fried+vacation+2+1979,5.0
2025-12-01T09:35:12,515617,headhunters+2011,4.0
2025-12-01T09:35:13,663050,up+2009,4.0
2025-12-01T09:35:13,677159,guardians+of+the+galaxy+2014,4.0
2025-12-01T09:35:13,382561,raiders+of+the+lost+ark+1981,4.0
2025-12-01T09:35:13,371251,the+godfather+1972,5.0
2025-12-01T09:35:15,453352,the+shawshank+redemption+1994,3.0
2025-12-01T09:35:15,143933,spirited+away+2001,4.0
2025-12-01T09:35:16,165618,iron+man+2008,4.0
2025-12-01T09:35:16,196929,the+great+silence+1968,5.0
2025-12-01T09:35:16,118988,the+godfather+1972,5.0
2025-12-01T09:35:16,757294,howls+moving+castle+2004,4.0
2025-12-01T09:35:17,706435,the+shawshank+redemption+1994,4.0
2025-12-01T09:35:17,399922,raiders+of+the+lost+ark+1981,5.0
2025-12-01T09:35:17,552553,the+dark+knight+2008,4.0
2025-12-01T09:35:17,361890,my+neighbor+totoro+1988,5.0
2025-12-01T09:35:17,108608,up+2009,5.0
2025-12-01T09:35:17,803087,my+neighbor+totoro+1988,3.0
2025-12-01T09:35:17,559179,interstellar+2014,4.0
2025-12-01T09:35:18,814227,big+hero+6+2014,4.0
2025-12-01T09:35:18,233397,my+neighbor+totoro+1988,5.0
2025-12-01T09:35:19,636749,iron+man+2008,5.0
2025-12-01T09:35:19,983044,fight+club+1999,3.0
2025-12-01T09:35:19,962838,whiplash+2014,4.0
2025-12-01T09:35:19,969846,howls+moving+castle+2004,4.0
2025-12-01T09:35:19,953811,interstellar+2014,5.0
2025-12-01T09:35:20,247141,the+wounds+1998,4.0
2025-12-01T09:35:20,900074,monty+python+and+the+holy+grail+1975,4.0
2025-12-01T09:35:20,368282,gattaca+1997,4.0
2025-12-01T09:35:20,247709,the+lord+of+the+rings+the+fellowship+of+the+ring+2001,5.0
2025-12-01T09:35:20,301457,alien+1979,3.0
2025-12-01T09:35:21,764531,spirited+away+2001,4.0
2025-12-01T09:35:21,458304,the+godfather+1972,4.0
2025-12-01T09:35:21,609413,star+wars+1977,5.0
2025-12-01T09:35:22,724999,lucy+2014,2.0
2025-12-01T09:35:22,175477,the+lord+of+the+rings+the+fellowship+of+the+ring+2001,5.0
2025-12-01T09:35:22,245436,one+flew+over+the+cuckoos+nest+1975,4.0
2025-12-01T09:35:22,389602,inception+2010,5.0
2025-12-01T09:35:22,605717,interstellar+2014,4.0
2025-12-01T09:35:23,712833,the+shawshank+redemption+1994,4.0
2025-12-01T09:35:23,923717,50+first+dates+2004,3.0
2025-12-01T09:35:23,998263,the+dark+knight+2008,5.0
2025-12-01T09:35:24,322088,up+2009,4.0
2025-12-01T09:35:24,776278,caught+inside+2010,4.0
2025-12-01T09:35:24,296651,howls+moving+castle+2004,4.0
2025-12-01T09:35:24,668337,raiders+of+the+lost+ark+1981,4.0
2025-12-01T09:35:24,162851,the+dark+knight+2008,4.0
2025-12-01T09:35:24,427566,the+lord+of+the+rings+the+fellowship+of+the+ring+2001,4.0
2025-12-01T09:35:24,153984,up+2009,4.0
2025-12-01T09:35:25,14877,chicken+run+2000,4.0
2025-12-01T09:35:25,548590,looper+2012,5.0
2025-12-01T09:35:25,389528,up+2009,4.0
2025-12-01T09:35:26,872809,made+in+jamaica+2006,4.0
2025-12-01T09:35:26,370471,the+awakening+2011,3.0
2025-12-01T09:35:26,972548,the+shawshank+redemption+1994,5.0
2025-12-01T09:35:26,790680,star+wars+1977,4.0
2025-12-01T09:35:26,723168,the+dark+knight+2008,3.0
2025-12-01T09:35:27,10359,the+drop+2014,3.0
2025-12-01T09:35:27,158887,spirited+away+2001,4.0
2025-12-01T09:35:27,157795,the+shawshank+redemption+1994,4.0
2025-12-01T09:35:28,270992,le+corbeau+1943,4.0
2025-12-01T09:35:28,232626,the+lord+of+the+rings+the+fellowship+of+the+ring+2001,4.0
2025-12-01T09:35:28,767058,beautiful+lies+2010,3.0
2025-12-01T09:35:28,857463,the+factory+2012,4.0
2025-12-01T09:35:29,379264,big+hero+6+2014,4.0
2025-12-01T09:35:29,822783,diary+of+a+chambermaid+1964,4.0
2025-12-01T09:35:29,760421,harry+potter+and+the+half-blood+prince+2009,4.0
2025-12-01T09:35:30,466854,big+hero+6+2014,5.0
2025-12-01T09:35:30,942480,inception+2010,3.0
2025-12-01T09:35:30,631911,suzy+1936,3.0
2025-12-01T09:35:30,540130,my+neighbor+totoro+1988,4.0
2025-12-01T09:35:31,497612,the+godfather+1972,4.0
2025-12-01T09:35:31,98540,my+neighbor+totoro+1988,4.0
2025-12-01T09:35:31,439304,whiplash+2014,4.0
2025-12-01T09:35:31,811468,the+godfather+1972,5.0
2025-12-01T09:35:31,627113,alien+1979,4.0
2025-12-01T09:35:31,156975,guardians+of+the+galaxy+2014,4.0
2025-12-01T09:35:32,541638,howls+moving+castle+2004,5.0
2025-12-01T09:35:32,851837,war+witch+2012,4.0
2025-12-01T09:35:32,697364,raiders+of+the+lost+ark+1981,5.0
2025-12-01T09:35:32,763828,shrek+the+halls+2007,3.0
2025-12-01T09:35:32,923015,borotalco+1982,3.0
2025-12-01T09:35:32,248587,the+shawshank+redemption+1994,5.0
2025-12-01T09:35:32,475899,star+wars+1977,5.0
2025-12-01T09:35:33,488476,snow+white+and+the+seven+dwarfs+1937,4.0
2025-12-01T09:35:33,980430,abbott+and+costello+meet+frankenstein+1948,4.0
2025-12-01T09:35:33,942204,being+julia+2004,3.0
2025-12-01T09:35:33,988684,safe+1995,5.0
2025-12-01T09:35:33,863727,peter+pan+1960,4.0
2025-12-01T09:35:33,98416,the+godfather+1972,3.0
2025-12-01T09:35:33,452986,one+flew+over+the+cuckoos+nest+1975,4.0
2025-12-01T09:35:33,540298,interstellar+2014,5.0
2025-12-01T09:35:34,313222,the+dark+knight+2008,3.0
2025-12-01T09:35:34,178093,whiplash+2014,5.0
2025-12-01T09:35:34,201911,i_+robot+2004,4.0
2025-12-01T09:35:35,939197,the+godfather+1972,5.0
2025-12-01T09:35:35,834717,the+lord+of+the+rings+the+fellowship+of+the+ring+2001,4.0
2025-12-01T09:35:35,471862,were+the+world+mine+2008,4.0
2025-12-01T09:35:35,81557,star+wars+1977,5.0
2025-12-01T09:35:35,54699,the+godfather+1972,5.0
2025-12-01T09:35:35,832724,the+dark+knight+2008,3.0
2025-12-01T09:35:36,645280,the+lord+of+the+rings+the+fellowship+of+the+ring+2001,5.0
2025-12-01T09:35:36,754615,harry+potter+and+the+goblet+of+fire+2005,5.0
2025-12-01T09:35:36,199485,howls+moving+castle+2004,5.0
2025-12-01T09:35:37,292288,star+wars+1977,5.0
2025-12-01T09:35:37,592372,star+wars+1977,5.0
2025-12-01T09:35:38,889178,the+godfather+1972,4.0
2025-12-01T09:35:38,618409,pulp+fiction+1994,4.0
2025-12-01T09:35:38,978159,howls+moving+castle+2004,5.0
2025-12-01T09:35:38,13541,whiplash+2014,5.0
2025-12-01T09:35:38,48898,the+shawshank+redemption+1994,5.0
2025-12-01T09:35:38,545949,big+hero+6+2014,3.0
2025-12-01T09:35:38,684974,the+shawshank+redemption+1994,5.0
2025-12-01T09:35:39,482978,the+shawshank+redemption+1994,4.0
2025-12-01T09:35:39,453784,my+neighbor+totoro+1988,4.0
2025-12-01T09:35:39,626280,star+wars+1977,3.0
2025-12-01T09:35:39,404434,easy+a+2010,4.0
2025-12-01T09:35:40,80014,big+hero+6+2014,4.0
2025-12-01T09:35:40,120946,monty+python+and+the+holy+grail+1975,3.0
2025-12-01T09:35:40,220232,the+assassin+next+door+2009,3.0
2025-12-01T09:35:40,327836,big+hero+6+2014,4.0
2025-12-01T09:35:41,757045,raiders+of+the+lost+ark+1981,4.0
2025-12-01T09:35:41,875128,coraline+2009,4.0
2025-12-01T09:35:41,994550,the+dark+knight+2008,4.0
2025-12-01T09:35:41,241536,dragon+2011,4.0
2025-12-01T09:35:42,235279,toy+story+1995,5.0
2025-12-01T09:35:42,767843,miami+connection+1987,3.0
2025-12-01T09:35:42,217747,a+tale+of+two+sisters+2003,5.0
2025-12-01T09:35:43,138883,star+wars+1977,4.0
2025-12-01T09:35:43,567480,gone+girl+2014,3.0
2025-12-01T09:35:43,47433,master+and+commander+the+far+side+of+the+world+2003,3.0
2025-12-01T09:35:43,416819,electrick+children+2012,4.0
2025-12-01T09:35:44,904090,up+2009,4.0
2025-12-01T09:35:44,718361,the+dark+knight+2008,5.0
2025-12-01T09:35:44,622585,one+flew+over+the+cuckoos+nest+1975,5.0
2025-12-01T09:35:45,697542,howls+moving+castle+2004,5.0
2025-12-01T09:35:45,955797,big+hero+6+2014,3.0
2025-12-01T09:35:45,248739,whisper+of+the+heart+1995,3.0
2025-12-01T09:35:45,127553,up+2009,3.0
2025-12-01T09:35:45,17216,howls+moving+castle+2004,4.0
2025-12-01T09:35:45,374813,the+queen+of+versailles+2012,4.0
2025-12-01T09:35:45,971404,big+hero+6+2014,4.0
2025-12-01T09:35:46,798401,up+2009,3.0
2025-12-01T09:35:46,957837,alien+1979,3.0
2025-12-01T09:35:46,856289,cinderella+2015,3.0
2025-12-01T09:35:47,650941,the+dark+knight+2008,4.0
2025-12-01T09:35:47,44950,up+2009,4.0
2025-12-01T09:35:47,79035,the+incredibles+2004,5.0
2025-12-01T09:35:47,223122,the+incredible+hulk+2008,2.0
2025-12-01T09:35:48,195241,howls+moving+castle+2004,5.0
2025-12-01T09:35:48,908296,up+2009,4.0
2025-12-01T09:35:48,156586,the+shawshank+redemption+1994,5.0
2025-12-01T09:35:49,24709,monsters_+inc.+2001,3.0
2025-12-01T09:35:49,239259,what+maisie+knew+2013,4.0
2025-12-01T09:35:49,701000,alien+1979,4.0
2025-12-01T09:35:49,832513,the+godfather+1972,5.0
2025-12-01T09:35:49,512389,the+dark+knight+2008,5.0
2025-12-01T09:35:50,8887,the+lord+of+the+rings+the+fellowship+of+the+ring+2001,4.0
2025-12-01T09:35:50,627168,raiders+of+the+lost+ark+1981,4.0
2025-12-01T09:35:50,463634,up+2009,4.0
2025-12-01T09:35:50,132157,star+wars+1977,5.0
2025-12-01T09:35:51,564429,blind+spot+hitlers+secretary+2002,3.0
2025-12-01T09:35:53,335560,howls+moving+castle+2004,3.0
2025-12-01T09:35:53,605425,i_+robot+2004,3.0
2025-12-01T09:35:53,861392,solaris+1972,4.0
2025-12-01T09:35:54,837015,the+godfather+1972,5.0
2025-12-01T09:35:54,725592,inception+2010,4.0
2025-12-01T09:35:55,943767,lady+death+2004,2.0
2025-12-01T09:35:55,809165,pulp+fiction+1994,4.0
2025-12-01T09:35:56,236366,castles+in+the+sky+2014,3.0
2025-12-01T09:35:57,810958,big+hero+6+2014,4.0
2025-12-01T09:35:57,270769,howls+moving+castle+2004,5.0
2025-12-01T09:35:57,210923,howls+moving+castle+2004,4.0
2025-12-01T09:35:57,818165,topsy-turvy+1999,3.0
2025-12-01T09:35:58,919354,the+lord+of+the+rings+the+fellowship+of+the+ring+2001,4.0
2025-12-01T09:35:58,929715,shutter+island+2010,4.0
2025-12-01T09:35:58,222297,bambi+1942,4.0
2025-12-01T09:35:59,469939,raiders+of+the+lost+ark+1981,5.0
2025-12-01T09:35:59,752512,gods+and+monsters+1998,4.0
2025-12-01T09:36,142603,my+neighbor+totoro+1988,5.0
2025-12-01T09:36,17716,interstellar+2014,4.0
2025-12-01T09:36:01,808680,guardians+of+the+galaxy+2014,3.0
2025-12-01T09:36:01,163729,one+flew+over+the+cuckoos+nest+1975,5.0
2025-12-01T09:36:01,656812,time+to+kill+1989,4.0
2025-12-01T09:36:01,314313,the+lord+of+the+rings+the+fellowship+of+the+ring+2001,4.0
2025-12-01T09:36:01,129073,pursuit+to+algiers+1945,3.0
2025-12-01T09:36:01,836312,howls+moving+castle+2004,4.0
2025-12-01T09:36:01,684626,howls+moving+castle+2004,3.0
2025-12-01T09:36:02,239321,raiders+of+the+lost+ark+1981,5.0
2025-12-01T09:36:02,665217,iron+man+2008,3.0
2025-12-01T09:36:02,880778,the+pleasure+garden+1925,4.0
2025-12-01T09:36:03,480022,up+2009,3.0
2025-12-01T09:36:03,716635,the+shawshank+redemption+1994,4.0
2025-12-01T09:36:03,390396,tokyo+zombie+2005,4.0
2025-12-01T09:36:04,289380,dodge+city+1939,3.0
2025-12-01T09:36:05,393965,seventh+son+2014,3.0
2025-12-01T09:36:05,964699,whiplash+2014,4.0
2025-12-01T09:36:05,993752,nowhere+in+africa+2001,4.0
2025-12-01T09:36:05,145166,iron+man+2008,5.0
2025-12-01T09:36:06,287290,interstellar+2014,4.0
2025-12-01T09:36:06,444056,the+shawshank+redemption+1994,4.0
2025-12-01T09:36:06,512592,a+man+for+all+seasons+1966,5.0
2025-12-01T09:36:06,82603,the+shawshank+redemption+1994,5.0
2025-12-01T09:36:06,689131,inception+2010,3.0
2025-12-01T09:36:06,541032,raiders+of+the+lost+ark+1981,4.0
2025-12-01T09:36:07,233520,inception+2010,4.0
2025-12-01T09:36:07,706331,how+to+train+your+dragon+2+2014,3.0
2025-12-01T09:36:08,313670,raiders+of+the+lost+ark+1981,5.0
2025-12-01T09:36:08,228520,inception+2010,5.0
2025-12-01T09:36:08,173507,the+godfather+1972,5.0
2025-12-01T09:36:08,214655,guardians+of+the+galaxy+2014,4.0
2025-12-01T09:36:09,240839,spirited+away+2001,3.0
2025-12-01T09:36:09,724609,up+2009,4.0
2025-12-01T09:36:09,229,whiplash+2014,4.0
2025-12-01T09:36:09,669865,toy+story+1995,3.0
2025-12-01T09:36:09,696616,up+2009,5.0
2025-12-01T09:36:09,543933,the+good+night+2007,4.0
2025-12-01T09:36:10,40452,alien+1979,5.0
2025-12-01T09:36:10,502221,dr.+no+1962,4.0
2025-12-01T09:36:10,359220,walle+2008,4.0
2025-12-01T09:36:11,133269,spirited+away+2001,5.0
2025-12-01T09:36:11,706078,star+wars+1977,3.0
2025-12-01T09:36:11,871129,the+lord+of+the+rings+the+fellowwship+of+the+ring+2001,5.0
2025-12-01T09:36:11,137790,the+dark+knight+2008,5.0
2025-12-01T09:36:11,9995,the+dark+knight+2008,4.0
2025-12-01T09:36:12,646567,the+matrix+1999,5.0
2025-12-01T09:36:12,164277,the+new+country+2000,4.0
2025-12-01T09:36:13,441502,alone+in+the+wilderness+2004,4.0
2025-12-01T09:36:13,664529,monty+python+and+the+holy+grail+1975,4.0
2025-12-01T09:36:13,875273,alien+1979,4.0
2025-12-01T09:36:14,452080,monty+python+and+the+holy+grail+1975,5.0
2025-12-01T09:36:14,790036,whiplash+2014,4.0
2025-12-01T09:36:14,482412,the+godfather+1972,4.0
2025-12-01T09:36:15,909292,this+film+is+not+yet+rated+2006,4.0
2025-12-01T09:36:15,556838,apple+jack+2003,4.0
2025-12-01T09:36:15,28752,kes+1969,4.0
2025-12-01T09:36:16,932270,howls+moving+castle+2004,3.0
2025-12-01T09:36:16,369795,iron+man+2008,4.0
2025-12-01T09:36:17,658621,how+to+train+your+dragon+2010,3.0
2025-12-01T09:36:17,224905,american+horror+house+2012,4.0
2025-12-01T09:36:17,325074,star+wars+1977,4.0
2025-12-01T09:36:17,739561,up+2009,5.0
2025-12-01T09:36:17,874764,my+neighbor+totoro+1988,5.0
2025-12-01T09:36:17,9421,iron+man+2008,3.0
2025-12-01T09:36:18,116028,hi-yo+silver+1940,4.0
2025-12-01T09:36:18,397939,interstellar+2014,4.0
2025-12-01T09:36:19,386037,my+neighbor+totoro+1988,4.0
2025-12-01T09:36:19,237788,constantine+2005,4.0
2025-12-01T09:36:20,435376,guardians+of+the+galaxy+2014,4.0
2025-12-01T09:36:20,486636,only+angels+have+wings+1939,4.0
2025-12-01T09:36:20,591955,spirited+away+2001,5.0
2025-12-01T09:36:21,47802,one+flew+over+the+cuckoos+nest+1975,5.0
2025-12-01T09:36:21,700039,my+neighbor+totoro+1988,5.0
2025-12-01T09:36:21,361895,whiplash+2014,3.0
